Loading document from "C:\\Users\\dalla\\3D RPG\\rpg\\maps\\alive.map"
Adding file system path "C:\\Users\\dalla\\Desktop\\encourage\\defaults\\assets"
Adding file system path "C:\\Users\\dalla\\3D RPG\\rpg\\"
Found 0 shaders
Loaded entity definition file FuncGodot.fgd
Found 0 shaders
Parsed successfully as Valve entities (unknown location)
Saving document to "C:\\Users\\dalla\\3D RPG\\rpg\\maps\\autosave\\alive.3.map"
Created autosave backup at "C:\\Users\\dalla\\3D RPG\\rpg\\maps\\autosave\\alive.3.map"
Parsed successfully as Valve entities (unknown location)
Parsed successfully as Valve entities (unknown location)
Could not update brushes: result_error{msg: Brush is incomplete}
Could not update brushes: result_error{msg: Brush is incomplete}
Saving document to "C:\\Users\\dalla\\3D RPG\\rpg\\maps\\autosave\\alive.4.map"
Created autosave backup at "C:\\Users\\dalla\\3D RPG\\rpg\\maps\\autosave\\alive.4.map"
Parsed successfully as Valve entities (unknown location)
Parsed successfully as Valve entities (unknown location)
Parsed successfully as Valve entities (unknown location)
Parsed successfully as Valve entities (unknown location)
Parsed successfully as Valve entities (unknown location)
Parsed successfully as Valve entities (unknown location)
Saving document to "C:\\Users\\dalla\\3D RPG\\rpg\\maps\\autosave\\alive.5.map"
Created autosave backup at "C:\\Users\\dalla\\3D RPG\\rpg\\maps\\autosave\\alive.5.map"
Parsed successfully as Valve entities (unknown location)
Saving document to "C:\\Users\\dalla\\3D RPG\\rpg\\maps\\autosave\\alive.6.map"
Created autosave backup at "C:\\Users\\dalla\\3D RPG\\rpg\\maps\\autosave\\alive.6.map"
Parsed successfully as Valve entities (unknown location)
Snapped vertices of 12 brushes
Snapped vertices of 244 brushes
Failed to snap vertices of 1 brush
Snapped vertices of 245 brushes
Saving document to "C:\\Users\\dalla\\3D RPG\\rpg\\maps\\autosave\\alive.7.map"
Created autosave backup at "C:\\Users\\dalla\\3D RPG\\rpg\\maps\\autosave\\alive.7.map"
Saving document to "C:\\Users\\dalla\\3D RPG\\rpg\\maps\\alive.map"
Saved "C:\\Users\\dalla\\3D RPG\\rpg\\maps\\alive.map" in 71ms
Saving document to "C:\\Users\\dalla\\3D RPG\\rpg\\maps\\autosave\\alive.8.map"
Created autosave backup at "C:\\Users\\dalla\\3D RPG\\rpg\\maps\\autosave\\alive.8.map"
Saving document to "C:\\Users\\dalla\\3D RPG\\rpg\\maps\\autosave\\alive.9.map"
Created autosave backup at "C:\\Users\\dalla\\3D RPG\\rpg\\maps\\autosave\\alive.9.map"
Parsed successfully as Valve entities (unknown location)
Parsed successfully as Valve entities (unknown location)
Saving document to "C:\\Users\\dalla\\3D RPG\\rpg\\maps\\alive.map"
Saved "C:\\Users\\dalla\\3D RPG\\rpg\\maps\\alive.map" in 9ms
Saving document to "C:\\Users\\dalla\\3D RPG\\rpg\\maps\\alive.map"
Saved "C:\\Users\\dalla\\3D RPG\\rpg\\maps\\alive.map" in 8ms
Saving document to "C:\\Users\\dalla\\3D RPG\\rpg\\maps\\autosave\\alive.10.map"
Created autosave backup at "C:\\Users\\dalla\\3D RPG\\rpg\\maps\\autosave\\alive.10.map"
Saving document to "C:\\Users\\dalla\\3D RPG\\rpg\\maps\\alive.map"
Saved "C:\\Users\\dalla\\3D RPG\\rpg\\maps\\alive.map" in 21ms
Saving document to "C:\\Users\\dalla\\3D RPG\\rpg\\maps\\alive.map"
Saved "C:\\Users\\dalla\\3D RPG\\rpg\\maps\\alive.map" in 7ms
Saving document to "C:\\Users\\dalla\\3D RPG\\rpg\\maps\\autosave\\alive.11.map"
Created autosave backup at "C:\\Users\\dalla\\3D RPG\\rpg\\maps\\autosave\\alive.11.map"
Saving document to "C:\\Users\\dalla\\3D RPG\\rpg\\maps\\alive.map"
Saved "C:\\Users\\dalla\\3D RPG\\rpg\\maps\\alive.map" in 18ms
Saving document to "C:\\Users\\dalla\\3D RPG\\rpg\\maps\\autosave\\alive.4.map"
Created autosave backup at "C:\\Users\\dalla\\3D RPG\\rpg\\maps\\autosave\\alive.4.map"
Could not update brushes: result_error{msg: Brush has invalid face}
Could not update brushes: result_error{msg: Brush is incomplete}
